
CentOS7默认数据库是mariadb,配置等用着不习惯,
因此决定改成mysql,但是CentOS7的yum源中默认好像是没有mysql的。
为了解决这个问题，我们要先下载mysql的repo源

1、下载 mysql repo源
$ wget http://repo.mysql.com/mysql-community-release-el7-5.noarch.rpm


2、安装 mysql-community-release-el7-5.noarch.rpm 包
$ sudo rpm -ivh mysql-community-release-el7-5.noarch.rpm

安装这个包后，会获得两个mysql的yum repo源：
/etc/yum.repos.d/mysql-community.repo，
/etc/yum.repos.d/mysql-community-source.repo


3、安装mysql
$ sudo yum install mysql-server

4、重置mysql密码
$ mysql -u root

登录时有可能报这样的错：
ERROR 2002 (HY000): Can‘t connect to local MySQL server through socket ‘/var/lib/mysql/mysql.sock‘ (2)，
原因是/var/lib/mysql的访问权限问题


5、把/var/lib/mysql的拥有者改为当前用户
$ sudo chown -R root:root /var/lib/mysql

6、重启mysql
$ service mysqld restart


7、重置密码
$ mysql -u root 
mysql > use mysql;
mysql > update user set password=password('123456') where user='root';
mysql > exit;

8、开启mysql远程连接
$ mysql -u root 
mysql > use mysql;
mysql > update user set host='%' where user='root';

如果执行update语句时出现ERROR 1062 (23000): Duplicate entry '%-root' for key 'PRIMARY' 错误，
说明有多个ROOT用户纪录在USER表中了


查看一下host是否已经有了%这个值，有了就可以了.
mysql> select host,user from user where user='root';

对用户授权：
mysql > grant all privileges on *.* to 'root'@'%' with grant option;

刷新：
mysql> flush privileges;


